--- getAllFoods ---
Now: 2026-06-08T22:11:32.402965100
ClaimedAt: 2026-06-08T22:11:31.914570
Diff: PT29M59.5171186S
Remaining Seconds: 1799
--- getAllFoods ---
Now: 2026-06-08T22:11:40.535486400
ClaimedAt: 2026-06-08T22:11:31.914570
Diff: PT29M51.3790836S
Remaining Seconds: 1791
--- getAllFoods ---
Now: 2026-06-08T22:11:42.542682600
ClaimedAt: 2026-06-08T22:11:31.914570
Diff: PT29M49.3728883S
Remaining Seconds: 1789
--- getAllFoods ---
Now: 2026-06-08T22:12:47.112987300
ClaimedAt: 2026-06-08T22:12:46.951132
Diff: PT29M59.8381447S
Remaining Seconds: 1799
--- getAllFoods ---
Now: 2026-06-08T22:12:57.538118300
ClaimedAt: 2026-06-08T22:12:46.951132
Diff: PT29M49.414526S
Remaining Seconds: 1789
--- getAllFoods ---
Now: 2026-06-08T22:12:57.983005200
ClaimedAt: 2026-06-08T22:12:46.951132
Diff: PT29M48.9681268S
Remaining Seconds: 1788
--- getAllFoods ---
Now: 2026-06-08T22:18:21.992765500
ClaimedAt: 2026-06-08T22:18:21.787363
Diff: PT29M59.7945975S
Remaining Seconds: 1799
--- getAllFoods ---
Now: 2026-06-08T22:18:28.696596500
ClaimedAt: 2026-06-08T22:18:21.787363
Diff: PT29M53.0913239S
Remaining Seconds: 1793
--- getAllFoods ---
Now: 2026-06-08T22:18:30.276223900
ClaimedAt: 2026-06-08T22:18:21.787363
Diff: PT29M51.5111391S
Remaining Seconds: 1791
--- getAllFoods ---
Now: 2026-06-08T22:23:17.310844
ClaimedAt: 2026-06-08T22:18:21.787363
Diff: PT25M4.476519S
Remaining Seconds: 1504
--- getAllFoods ---
Now: 2026-06-08T22:23:28.708210500
ClaimedAt: 2026-06-08T22:18:21.787363
Diff: PT24M53.0801526S
Remaining Seconds: 1493
--- getAllFoods ---
Now: 2026-06-08T22:23:30.274698300
ClaimedAt: 2026-06-08T22:18:21.787363
Diff: PT24M51.5126647S
Remaining Seconds: 1491
--- getAllFoods ---
Now: 2026-06-08T22:23:43.701754600
ClaimedAt: 2026-06-08T22:18:21.787363
Diff: PT24M38.0866176S
Remaining Seconds: 1478
--- getAllFoods ---
Now: 2026-06-08T22:23:45.272930900
ClaimedAt: 2026-06-08T22:18:21.787363
Diff: PT24M36.5144321S
Remaining Seconds: 1476
--- getAllFoods ---
Now: 2026-06-08T22:23:58.693850100
ClaimedAt: 2026-06-08T22:18:21.787363
Diff: PT24M23.0935129S
Remaining Seconds: 1463
--- getAllFoods ---
Now: 2026-06-08T22:24:00.279269
ClaimedAt: 2026-06-08T22:18:21.787363
Diff: PT24M21.508094S
Remaining Seconds: 1461
--- getAllFoods ---
Now: 2026-06-08T22:24:13.695290600
ClaimedAt: 2026-06-08T22:18:21.787363
Diff: PT24M8.092592S
Remaining Seconds: 1448
--- getAllFoods ---
Now: 2026-06-08T22:24:15.272618100
ClaimedAt: 2026-06-08T22:18:21.787363
Diff: PT24M6.5147449S
Remaining Seconds: 1446
--- getAllFoods ---
Now: 2026-06-08T22:24:28.691740500
ClaimedAt: 2026-06-08T22:18:21.787363
Diff: PT23M53.0956225S
Remaining Seconds: 1433
--- getAllFoods ---
Now: 2026-06-08T22:24:30.270037200
ClaimedAt: 2026-06-08T22:18:21.787363
Diff: PT23M51.5173258S
Remaining Seconds: 1431
--- getAllFoods ---
Now: 2026-06-08T22:24:43.693877
ClaimedAt: 2026-06-08T22:18:21.787363
Diff: PT23M38.0945344S
Remaining Seconds: 1418
--- getAllFoods ---
Now: 2026-06-08T22:24:45.272978400
ClaimedAt: 2026-06-08T22:18:21.787363
Diff: PT23M36.5159621S
Remaining Seconds: 1416
--- getAllFoods ---
Now: 2026-06-08T22:24:58.690849700
ClaimedAt: 2026-06-08T22:18:21.787363
Diff: PT23M23.0965133S
Remaining Seconds: 1403
--- getAllFoods ---
Now: 2026-06-08T22:25:00.285602100
ClaimedAt: 2026-06-08T22:18:21.787363
Diff: PT23M21.5017609S
Remaining Seconds: 1401
--- getAllFoods ---
Now: 2026-06-08T22:25:13.692903
ClaimedAt: 2026-06-08T22:18:21.787363
Diff: PT23M8.09446S
Remaining Seconds: 1388
--- getAllFoods ---
Now: 2026-06-08T22:25:15.269221400
ClaimedAt: 2026-06-08T22:18:21.787363
Diff: PT23M6.5181416S
Remaining Seconds: 1386
--- getAllFoods ---
Now: 2026-06-08T22:25:30.334415
ClaimedAt: 2026-06-08T22:25:30.265798
Diff: PT29M59.931383S
Remaining Seconds: 1799
--- getAllFoods ---
Now: 2026-06-08T22:25:30.367028700
ClaimedAt: 2026-06-08T22:25:30.265798
Diff: PT29M59.8987693S
Remaining Seconds: 1799
--- getAllFoods ---
Now: 2026-06-08T22:25:43.682994300
ClaimedAt: 2026-06-08T22:25:30.265798
Diff: PT29M46.5838153S
Remaining Seconds: 1786
--- getAllFoods ---
Now: 2026-06-08T22:25:45.270597600
ClaimedAt: 2026-06-08T22:25:30.265798
Diff: PT29M44.9952004S
Remaining Seconds: 1784
--- getAllFoods ---
Now: 2026-06-08T22:25:58.709448
ClaimedAt: 2026-06-08T22:25:30.265798
Diff: PT29M31.5573562S
Remaining Seconds: 1771
--- getAllFoods ---
Now: 2026-06-08T22:26:00.285485400
ClaimedAt: 2026-06-08T22:25:30.265798
Diff: PT29M29.9803126S
Remaining Seconds: 1769
--- getAllFoods ---
Now: 2026-06-08T22:26:13.693177500
ClaimedAt: 2026-06-08T22:25:30.265798
Diff: PT29M16.5726205S
Remaining Seconds: 1756
--- getAllFoods ---
Now: 2026-06-08T22:26:15.276103800
ClaimedAt: 2026-06-08T22:25:30.265798
Diff: PT29M14.9896942S
Remaining Seconds: 1754
--- getAllFoods ---
Now: 2026-06-08T22:26:28.695247
ClaimedAt: 2026-06-08T22:25:30.265798
Diff: PT29M1.571164S
Remaining Seconds: 1741
--- getAllFoods ---
Now: 2026-06-08T22:26:30.271666600
ClaimedAt: 2026-06-08T22:25:30.265798
Diff: PT28M59.9941314S
Remaining Seconds: 1739
--- getAllFoods ---
Now: 2026-06-08T22:26:43.685543200
ClaimedAt: 2026-06-08T22:25:30.265798
Diff: PT28M46.5802548S
Remaining Seconds: 1726
--- getAllFoods ---
Now: 2026-06-08T22:26:45.269142400
ClaimedAt: 2026-06-08T22:25:30.265798
Diff: PT28M44.9966556S
Remaining Seconds: 1724
--- getAllFoods ---
Now: 2026-06-08T22:26:58.691705400
ClaimedAt: 2026-06-08T22:25:30.265798
Diff: PT28M31.5740926S
Remaining Seconds: 1711
--- getAllFoods ---
Now: 2026-06-08T22:27:00.271722500
ClaimedAt: 2026-06-08T22:25:30.265798
Diff: PT28M29.9940755S
Remaining Seconds: 1709
--- getAllFoods ---
Now: 2026-06-08T22:27:13.696763500
ClaimedAt: 2026-06-08T22:25:30.265798
Diff: PT28M16.5690345S
Remaining Seconds: 1696
--- getAllFoods ---
Now: 2026-06-08T22:27:15.279323600
ClaimedAt: 2026-06-08T22:25:30.265798
Diff: PT28M14.9864744S
Remaining Seconds: 1694
--- getAllFoods ---
Now: 2026-06-08T22:27:28.689542
ClaimedAt: 2026-06-08T22:25:30.265798
Diff: PT28M1.576256S
Remaining Seconds: 1681
--- getAllFoods ---
Now: 2026-06-08T22:27:30.265714500
ClaimedAt: 2026-06-08T22:25:30.265798
Diff: PT28M0.0000835S
Remaining Seconds: 1680
--- getAllFoods ---
Now: 2026-06-08T22:27:43.680940600
ClaimedAt: 2026-06-08T22:25:30.265798
Diff: PT27M46.5848574S
Remaining Seconds: 1666
--- getAllFoods ---
Now: 2026-06-08T22:27:45.280156
ClaimedAt: 2026-06-08T22:25:30.265798
Diff: PT27M44.985642S
Remaining Seconds: 1664
--- getAllFoods ---
Now: 2026-06-08T22:27:58.690805100
ClaimedAt: 2026-06-08T22:25:30.265798
Diff: PT27M31.5749929S
Remaining Seconds: 1651
--- getAllFoods ---
Now: 2026-06-08T22:28:00.267603100
ClaimedAt: 2026-06-08T22:25:30.265798
Diff: PT27M29.9991944S
Remaining Seconds: 1649
--- getAllFoods ---
Now: 2026-06-08T22:28:13.699669600
ClaimedAt: 2026-06-08T22:25:30.265798
Diff: PT27M16.5671267S
Remaining Seconds: 1636
--- getAllFoods ---
Now: 2026-06-08T22:28:17.729552
ClaimedAt: 2026-06-08T22:28:17.654636
Diff: PT29M59.925084S
Remaining Seconds: 1799
--- getAllFoods ---
Now: 2026-06-08T22:28:28.688536900
ClaimedAt: 2026-06-08T22:28:17.654636
Diff: PT29M48.9660991S
Remaining Seconds: 1788
--- getAllFoods ---
Now: 2026-06-08T22:28:30.277427700
ClaimedAt: 2026-06-08T22:28:17.654636
Diff: PT29M47.3784588S
Remaining Seconds: 1787
--- getAllFoods ---
Now: 2026-06-08T22:35:41.681688500
ClaimedAt: 2026-06-08T22:35:41.541979
Diff: PT29M59.8628066S
Remaining Seconds: 1799
--- getAllFoods ---
Now: 2026-06-08T22:35:43.258557900
ClaimedAt: 2026-06-08T22:35:41.541979
Diff: PT29M58.2844195S
Remaining Seconds: 1798
--- getAllFoods ---
Now: 2026-06-08T22:35:49.691751800
ClaimedAt: 2026-06-08T22:35:41.541979
Diff: PT29M51.8512397S
Remaining Seconds: 1791
